// Jest Snapshot v1, https://goo.gl/fbAQLP

exports[`Base VueRay class: sends a refs innerHTML 1`] = `
Array [
  Object {
    "meta": Array [],
    "payloads": Array [
      Object {
        "content": Object {
          "label": "Data",
          "values": Array [
            "<code style=\\"font-size: 0.8rem!important;\\"><span style=\\"font-size: 0.8rem!important;\\" class=\\"text-yellow-600 bold\\">Object</span>&nbsp;<code style=\\"font-size: 0.8rem!important;\\" class=\\"text-gray-600 \\"><span style=\\"font-size: 0.8rem!important;\\" class=\\"text-orange-400 bold\\">{</span><br>&nbsp;&nbsp;&nbsp;&nbsp;<code style=\\"font-size: 0.8rem!important;\\" class=\\"bold text-green-600 p-0\\">\\"one\\"</code><span style=\\"font-size: 0.8rem!important;\\" class=\\"text-orange-400 bold\\">:&nbsp;</span>1<span style=\\"font-size: 0.8rem!important;\\" class=\\"text-orange-400 bold\\">,</span><br><span style=\\"font-size: 0.8rem!important;\\" class=\\"text-orange-400 bold\\">}</span></code></code>",
          ],
        },
        "origin": Object {
          "file": "web.cjs.js",
          "function_name": "xxxx",
          "line_number": 999,
        },
        "type": "table",
      },
    ],
    "uuid": "fakeUuid",
  },
  Object {
    "meta": Array [],
    "payloads": Array [
      Object {
        "content": Object {
          "content": "<em>123</em>",
          "label": "HTML",
        },
        "origin": Object {
          "file": "web.cjs.js",
          "function_name": "xxxx",
          "line_number": 999,
        },
        "type": "custom",
      },
    ],
    "uuid": "fakeUuid",
  },
]
`;

exports[`Base VueRay class: sends the component data 1`] = `
Array [
  Object {
    "meta": Array [],
    "payloads": Array [
      Object {
        "content": Object {
          "label": "Data",
          "values": Array [
            "<code style=\\"font-size: 0.8rem!important;\\"><span style=\\"font-size: 0.8rem!important;\\" class=\\"text-yellow-600 bold\\">Object</span>&nbsp;<code style=\\"font-size: 0.8rem!important;\\" class=\\"text-gray-600 \\"><span style=\\"font-size: 0.8rem!important;\\" class=\\"text-orange-400 bold\\">{</span><br>&nbsp;&nbsp;&nbsp;&nbsp;<code style=\\"font-size: 0.8rem!important;\\" class=\\"bold text-green-600 p-0\\">\\"one\\"</code><span style=\\"font-size: 0.8rem!important;\\" class=\\"text-orange-400 bold\\">:&nbsp;</span>1<span style=\\"font-size: 0.8rem!important;\\" class=\\"text-orange-400 bold\\">,</span><br><span style=\\"font-size: 0.8rem!important;\\" class=\\"text-orange-400 bold\\">}</span></code></code>",
          ],
        },
        "origin": Object {
          "file": "web.cjs.js",
          "function_name": "xxxx",
          "line_number": 999,
        },
        "type": "table",
      },
    ],
    "uuid": "fakeUuid",
  },
  Object {
    "meta": Array [],
    "payloads": Array [
      Object {
        "content": Object {
          "label": "Data",
          "values": Array [
            "<code style=\\"font-size: 0.8rem!important;\\"><span style=\\"font-size: 0.8rem!important;\\" class=\\"text-yellow-600 bold\\">Object</span>&nbsp;<code style=\\"font-size: 0.8rem!important;\\" class=\\"text-gray-600 \\"><span style=\\"font-size: 0.8rem!important;\\" class=\\"text-orange-400 bold\\">{</span><br>&nbsp;&nbsp;&nbsp;&nbsp;<code style=\\"font-size: 0.8rem!important;\\" class=\\"bold text-green-600 p-0\\">\\"one\\"</code><span style=\\"font-size: 0.8rem!important;\\" class=\\"text-orange-400 bold\\">:&nbsp;</span>1<span style=\\"font-size: 0.8rem!important;\\" class=\\"text-orange-400 bold\\">,</span><br><span style=\\"font-size: 0.8rem!important;\\" class=\\"text-orange-400 bold\\">}</span></code></code>",
          ],
        },
        "origin": Object {
          "file": "web.cjs.js",
          "function_name": "xxxx",
          "line_number": 999,
        },
        "type": "table",
      },
    ],
    "uuid": "fakeUuid",
  },
]
`;

exports[`Base VueRay class: sends the component props 1`] = `
Array [
  Object {
    "meta": Array [],
    "payloads": Array [
      Object {
        "content": Object {
          "label": "Data",
          "values": Array [
            "<code style=\\"font-size: 0.8rem!important;\\"><span style=\\"font-size: 0.8rem!important;\\" class=\\"text-yellow-600 bold\\">Object</span>&nbsp;<code style=\\"font-size: 0.8rem!important;\\" class=\\"text-gray-600 \\"><span style=\\"font-size: 0.8rem!important;\\" class=\\"text-orange-400 bold\\">{</span><br>&nbsp;&nbsp;&nbsp;&nbsp;<code style=\\"font-size: 0.8rem!important;\\" class=\\"bold text-green-600 p-0\\">\\"one\\"</code><span style=\\"font-size: 0.8rem!important;\\" class=\\"text-orange-400 bold\\">:&nbsp;</span>1<span style=\\"font-size: 0.8rem!important;\\" class=\\"text-orange-400 bold\\">,</span><br><span style=\\"font-size: 0.8rem!important;\\" class=\\"text-orange-400 bold\\">}</span></code></code>",
          ],
        },
        "origin": Object {
          "file": "web.cjs.js",
          "function_name": "xxxx",
          "line_number": 999,
        },
        "type": "table",
      },
    ],
    "uuid": "fakeUuid",
  },
  Object {
    "meta": Array [],
    "payloads": Array [
      Object {
        "content": Object {
          "label": "Table",
          "values": Array [
            "<code style=\\"font-size: 0.8rem!important;\\"><span style=\\"font-size: 0.8rem!important;\\" class=\\"text-yellow-600 bold\\">Object</span>&nbsp;<code style=\\"font-size: 0.8rem!important;\\" class=\\"text-gray-600 \\"><span style=\\"font-size: 0.8rem!important;\\" class=\\"text-orange-400 bold\\">{</span><br>&nbsp;&nbsp;&nbsp;&nbsp;<code style=\\"font-size: 0.8rem!important;\\" class=\\"bold text-green-600 p-0\\">\\"title\\"</code><span style=\\"font-size: 0.8rem!important;\\" class=\\"text-orange-400 bold\\">:&nbsp;</span><code style=\\"font-size: 0.8rem!important;\\" class=\\"bold text-green-600 p-0\\">\\"abc\\"</code><span style=\\"font-size: 0.8rem!important;\\" class=\\"text-orange-400 bold\\">,</span><br><span style=\\"font-size: 0.8rem!important;\\" class=\\"text-orange-400 bold\\">}</span></code></code>",
          ],
        },
        "origin": Object {
          "file": "web.cjs.js",
          "function_name": "xxxx",
          "line_number": 999,
        },
        "type": "table",
      },
    ],
    "uuid": "fakeUuid",
  },
]
`;
