// Jest Snapshot v1, https://goo.gl/fbAQLP

exports[`sends unhandled rejection errors to ray 1`] = `
Array [
  Object {
    "meta": Array [],
    "payloads": Array [
      Object {
        "content": Object {
          "label": "Data",
          "values": Array [
            "<code style=\\"font-size: 0.8rem!important;\\"><span style=\\"font-size: 0.8rem!important;\\" class=\\"text-yellow-600 bold\\">Object</span>&nbsp;<code style=\\"font-size: 0.8rem!important;\\" class=\\"text-gray-600 \\"><span style=\\"font-size: 0.8rem!important;\\" class=\\"text-orange-400 bold\\">{</span><br>&nbsp;&nbsp;&nbsp;&nbsp;<code style=\\"font-size: 0.8rem!important;\\" class=\\"bold text-green-600 p-0\\">\\"one\\"</code><span style=\\"font-size: 0.8rem!important;\\" class=\\"text-orange-400 bold\\">:&nbsp;</span>1<span style=\\"font-size: 0.8rem!important;\\" class=\\"text-orange-400 bold\\">,</span><br><span style=\\"font-size: 0.8rem!important;\\" class=\\"text-orange-400 bold\\">}</span></code></code>",
          ],
        },
        "origin": Object {
          "file": "web.cjs.js",
          "function_name": "xxxx",
          "hostname": "remote",
          "line_number": 999,
        },
        "type": "table",
      },
    ],
    "uuid": "fakeUuid",
  },
  Object {
    "meta": Array [],
    "payloads": Array [
      Object {
        "content": Object {
          "content": "<pre>
    <div class=\\"flex bg-white border-0\\">
        <div class=\\"flex-row bg-white text-red-400 pr-1 pl-1 border border-1 border-red-400\\">test</div>
        <div style=\\"padding-top: 0.25em;\\" class=\\"flex-row\\"><code>{\\"reason\\":\\"test\\"}</code></div>
    </div></pre>",
          "label": "HTML",
        },
        "origin": Object {
          "file": "web.cjs.js",
          "function_name": "xxxx",
          "hostname": "remote",
          "line_number": 999,
        },
        "type": "custom",
      },
    ],
    "uuid": "fakeUuid",
  },
  Object {
    "meta": Array [],
    "payloads": Array [
      Object {
        "content": Object {
          "size": "sm",
        },
        "origin": Object {
          "file": "web.cjs.js",
          "function_name": "xxxx",
          "hostname": "remote",
          "line_number": 999,
        },
        "type": "size",
      },
    ],
    "uuid": "fakeUuid",
  },
  Object {
    "meta": Array [],
    "payloads": Array [
      Object {
        "content": Object {
          "color": "red",
        },
        "origin": Object {
          "file": "web.cjs.js",
          "function_name": "xxxx",
          "hostname": "remote",
          "line_number": 999,
        },
        "type": "color",
      },
    ],
    "uuid": "fakeUuid",
  },
]
`;

exports[`sends window errors to ray 1`] = `
Array [
  Object {
    "meta": Array [],
    "payloads": Array [
      Object {
        "content": Object {
          "label": "Data",
          "values": Array [
            "<code style=\\"font-size: 0.8rem!important;\\"><span style=\\"font-size: 0.8rem!important;\\" class=\\"text-yellow-600 bold\\">Object</span>&nbsp;<code style=\\"font-size: 0.8rem!important;\\" class=\\"text-gray-600 \\"><span style=\\"font-size: 0.8rem!important;\\" class=\\"text-orange-400 bold\\">{</span><br>&nbsp;&nbsp;&nbsp;&nbsp;<code style=\\"font-size: 0.8rem!important;\\" class=\\"bold text-green-600 p-0\\">\\"one\\"</code><span style=\\"font-size: 0.8rem!important;\\" class=\\"text-orange-400 bold\\">:&nbsp;</span>1<span style=\\"font-size: 0.8rem!important;\\" class=\\"text-orange-400 bold\\">,</span><br><span style=\\"font-size: 0.8rem!important;\\" class=\\"text-orange-400 bold\\">}</span></code></code>",
          ],
        },
        "origin": Object {
          "file": "web.cjs.js",
          "function_name": "xxxx",
          "hostname": "remote",
          "line_number": 999,
        },
        "type": "table",
      },
    ],
    "uuid": "fakeUuid",
  },
]
`;
